// Jest Snapshot v1, https://goo.gl/fbAQLP

exports[`AddButton should have a consistent structure 1`] = `
<AddButton
  onClick={[MockFunction]}
>
  <Button
    className="add-button d-flex align-items-center"
    color="primary"
    onClick={[MockFunction]}
    tag="button"
  >
    <button
      aria-label={null}
      className="add-button d-flex align-items-center btn btn-primary"
      onClick={[Function]}
      type="button"
    >
      <img
        alt="edit row"
        className="add-icon"
        src="add.svg"
      />
      <div
        className="add-text"
      >
        Add new Entry
      </div>
    </button>
  </Button>
</AddButton>
`;
