// Jest Snapshot v1, https://goo.gl/fbAQLP

exports[`MedalsTableRow should have a consistent structure 1`] = `
<MedalsTableRow
  countryData={
    Object {
      "bronze": 33,
      "gold": 99,
      "name": "PippiLand",
      "silver": 66,
      "total": 198,
    }
  }
  onEdit={[MockFunction]}
>
  <tr>
    <th
      className="text-left align-middle"
      scope="row"
    >
       
      PippiLand
    </th>
    <td
      className="text-right border align-middle"
    >
      99
    </td>
    <td
      className="text-right border align-middle"
    >
      66
    </td>
    <td
      className="text-right border align-middle"
    >
      33
    </td>
    <td
      className="text-right border  align-middle"
    >
      198
    </td>
    <td
      className="align-middle border"
    >
      <Button
        color="primary"
        data-country="PippiLand"
        onClick={[MockFunction]}
        tag="button"
      >
        <button
          aria-label={null}
          className="btn btn-primary"
          data-country="PippiLand"
          onClick={[Function]}
          type="button"
        >
          <img
            alt="edit row"
            className="edit-icon"
            src="edit.svg"
          />
        </button>
      </Button>
    </td>
  </tr>
</MedalsTableRow>
`;
