// Jest Snapshot v1, https://goo.gl/fbAQLP

exports[`MedalsModal should have a consistent structure 1`] = `
<MedalsModal
  data={Array []}
  deleteRow={[MockFunction]}
  editRow={[MockFunction]}
  isOpen="NewCountry"
  toggleModal={[MockFunction]}
>
  <Modal
    autoFocus={true}
    backdrop={true}
    backdropTransition={
      Object {
        "mountOnEnter": true,
        "timeout": 150,
      }
    }
    centered={false}
    fade={true}
    isOpen={true}
    keyboard={true}
    modalTransition={
      Object {
        "timeout": 300,
      }
    }
    onClosed={[Function]}
    onOpened={[Function]}
    role="dialog"
    zIndex={1050}
  >
    <Portal
      node={
        <div
          style="position: relative; z-index: 1050;"
          tabindex="-1"
        >
          <div
            class=""
          >
            <div
              class="modal fade"
              role="dialog"
              style="display: block;"
              tabindex="-1"
            >
              <div
                class="modal-dialog"
                role="document"
              >
                <div
                  class="modal-content"
                >
                  <div
                    class="modal-header"
                  >
                    <h5
                      class="modal-title"
                    >
                      Create new Entry
                    </h5>
                  </div>
                  <div
                    class="modal-body"
                  >
                    <form
                      class=""
                    >
                      <div
                        class="form-group"
                      >
                        <label
                          class=""
                          for="name"
                        >
                          Select Country
                        </label>
                        <select
                          class="form-control"
                          id="name"
                          min="0"
                          name="name"
                        >
                          <option
                            value="USA"
                          >
                            USA
                          </option>
                          <option
                            value="China"
                          >
                            China
                          </option>
                          <option
                            value="Germany"
                          >
                            Germany
                          </option>
                          <option
                            value="France"
                          >
                            France
                          </option>
                          <option
                            value="UK"
                          >
                            UK
                          </option>
                          <option
                            value="Spain"
                          >
                            Spain
                          </option>
                          <option
                            value="Latvia"
                          >
                            Latvia
                          </option>
                          <option
                            value="Italy"
                          >
                            Italy
                          </option>
                          <option
                            value="Croatia"
                          >
                            Croatia
                          </option>
                          <option
                            value="Brazil"
                          >
                            Brazil
                          </option>
                          <option
                            value="Japan"
                          >
                            Japan
                          </option>
                          <option
                            value="Belgium"
                          >
                            Belgium
                          </option>
                          <option
                            value="Lithuania"
                          >
                            Lithuania
                          </option>
                          <option
                            value="Portugal"
                          >
                            Portugal
                          </option>
                          <option
                            value="Greece"
                          >
                            Greece
                          </option>
                          <option
                            value="Russia"
                          >
                            Russia
                          </option>
                          <option
                            value="SouthKorea"
                          >
                            SouthKorea
                          </option>
                          <option
                            value="Hungary"
                          >
                            Hungary
                          </option>
                          <option
                            value="Poland"
                          >
                            Poland
                          </option>
                          <option
                            value="Peru"
                          >
                            Peru
                          </option>
                          <option
                            value="Philippines"
                          >
                            Philippines
                          </option>
                          <option
                            value="Panama"
                          >
                            Panama
                          </option>
                          <option
                            value="Netherlands"
                          >
                            Netherlands
                          </option>
                          <option
                            value="Argentina"
                          >
                            Argentina
                          </option>
                          <option
                            value="Ukraine"
                          >
                            Ukraine
                          </option>
                          <option
                            value="UAE"
                          >
                            UAE
                          </option>
                          <option
                            value="Vatican"
                          >
                            Vatican
                          </option>
                          <option
                            value="Vietnam"
                          >
                            Vietnam
                          </option>
                          <option
                            value="Venezuela"
                          >
                            Venezuela
                          </option>
                          <option
                            value="Uzbekistan"
                          >
                            Uzbekistan
                          </option>
                          <option
                            value="Uruguay"
                          >
                            Uruguay
                          </option>
                        </select>
                      </div>
                      <div
                        class="form-group"
                      >
                        <label
                          class=""
                          for="gold"
                        >
                          <svg
                            class="medal-icon"
                            id="Capa_1"
                            style="enable-background: new 0 0 297.334 297.334;"
                            version="1.1"
                            viewBox="0 0 297.334 297.334"
                            x="0px"
                            xmlns="http://www.w3.org/2000/svg"
                            y="0px"
                          >
                            <g>
                              <polygon
                                points="172.667,64 206.687,0 90.623,0 124.649,64  "
                              />
                              <path
                                d="M227.904,8.293c-2.553-4.837-6.726-4.834-9.272,0.006l-55.839,106.095c20.009,2.892,38.11,11.76,52.427,24.735   l36.208-68.682c2.551-4.838,2.549-12.754-0.004-17.591L227.904,8.293z"
                              />
                              <path
                                d="M134.518,114.35L78.7,8.299c-2.547-4.84-6.72-4.843-9.272-0.006L45.909,52.856c-2.552,4.837-2.554,12.753-0.004,17.591   l36.102,68.48C96.362,125.996,114.491,117.181,134.518,114.35z"
                              />
                              <path
                                d="M148.502,128.279c-46.685,0-84.529,37.844-84.529,84.528c0,46.682,37.845,84.526,84.529,84.526   c46.682,0,84.526-37.845,84.526-84.526C233.028,166.123,195.184,128.279,148.502,128.279z M148.502,273.125   c-33.262,0-60.32-27.059-60.32-60.317c0-33.261,27.059-60.319,60.32-60.319c33.259,0,60.316,27.059,60.316,60.319   C208.819,246.066,181.761,273.125,148.502,273.125z"
                                fill="#ffd700"
                              />
                              <path
                                d="M148.502,167.404c-25.038,0-45.404,20.367-45.404,45.403c0,25.033,20.366,45.4,45.404,45.4   c25.033,0,45.399-20.367,45.399-45.4C193.902,187.771,173.535,167.404,148.502,167.404z"
                                fill="#ffd700"
                              />
                            </g>
                          </svg>
                          Gold
                           Medals:
                        </label>
                        <input
                          class="form-control"
                          id="gold"
                          min="0"
                          name="gold"
                          type="number"
                          value="0"
                        />
                      </div>
                      <div
                        class="form-group"
                      >
                        <label
                          class=""
                          for="silver"
                        >
                          <svg
                            class="medal-icon"
                            id="Capa_1"
                            style="enable-background: new 0 0 297.334 297.334;"
                            version="1.1"
                            viewBox="0 0 297.334 297.334"
                            x="0px"
                            xmlns="http://www.w3.org/2000/svg"
                            y="0px"
                          >
                            <g>
                              <polygon
                                points="172.667,64 206.687,0 90.623,0 124.649,64  "
                              />
                              <path
                                d="M227.904,8.293c-2.553-4.837-6.726-4.834-9.272,0.006l-55.839,106.095c20.009,2.892,38.11,11.76,52.427,24.735   l36.208-68.682c2.551-4.838,2.549-12.754-0.004-17.591L227.904,8.293z"
                              />
                              <path
                                d="M134.518,114.35L78.7,8.299c-2.547-4.84-6.72-4.843-9.272-0.006L45.909,52.856c-2.552,4.837-2.554,12.753-0.004,17.591   l36.102,68.48C96.362,125.996,114.491,117.181,134.518,114.35z"
                              />
                              <path
                                d="M148.502,128.279c-46.685,0-84.529,37.844-84.529,84.528c0,46.682,37.845,84.526,84.529,84.526   c46.682,0,84.526-37.845,84.526-84.526C233.028,166.123,195.184,128.279,148.502,128.279z M148.502,273.125   c-33.262,0-60.32-27.059-60.32-60.317c0-33.261,27.059-60.319,60.32-60.319c33.259,0,60.316,27.059,60.316,60.319   C208.819,246.066,181.761,273.125,148.502,273.125z"
                                fill="#c0c0c0"
                              />
                              <path
                                d="M148.502,167.404c-25.038,0-45.404,20.367-45.404,45.403c0,25.033,20.366,45.4,45.404,45.4   c25.033,0,45.399-20.367,45.399-45.4C193.902,187.771,173.535,167.404,148.502,167.404z"
                                fill="#c0c0c0"
                              />
                            </g>
                          </svg>
                          Silver
                           Medals:
                        </label>
                        <input
                          class="form-control"
                          id="silver"
                          min="0"
                          name="silver"
                          type="number"
                          value="0"
                        />
                      </div>
                      <div
                        class="form-group"
                      >
                        <label
                          class=""
                          for="bronze"
                        >
                          <svg
                            class="medal-icon"
                            id="Capa_1"
                            style="enable-background: new 0 0 297.334 297.334;"
                            version="1.1"
                            viewBox="0 0 297.334 297.334"
                            x="0px"
                            xmlns="http://www.w3.org/2000/svg"
                            y="0px"
                          >
                            <g>
                              <polygon
                                points="172.667,64 206.687,0 90.623,0 124.649,64  "
                              />
                              <path
                                d="M227.904,8.293c-2.553-4.837-6.726-4.834-9.272,0.006l-55.839,106.095c20.009,2.892,38.11,11.76,52.427,24.735   l36.208-68.682c2.551-4.838,2.549-12.754-0.004-17.591L227.904,8.293z"
                              />
                              <path
                                d="M134.518,114.35L78.7,8.299c-2.547-4.84-6.72-4.843-9.272-0.006L45.909,52.856c-2.552,4.837-2.554,12.753-0.004,17.591   l36.102,68.48C96.362,125.996,114.491,117.181,134.518,114.35z"
                              />
                              <path
                                d="M148.502,128.279c-46.685,0-84.529,37.844-84.529,84.528c0,46.682,37.845,84.526,84.529,84.526   c46.682,0,84.526-37.845,84.526-84.526C233.028,166.123,195.184,128.279,148.502,128.279z M148.502,273.125   c-33.262,0-60.32-27.059-60.32-60.317c0-33.261,27.059-60.319,60.32-60.319c33.259,0,60.316,27.059,60.316,60.319   C208.819,246.066,181.761,273.125,148.502,273.125z"
                                fill="#cd7f32"
                              />
                              <path
                                d="M148.502,167.404c-25.038,0-45.404,20.367-45.404,45.403c0,25.033,20.366,45.4,45.404,45.4   c25.033,0,45.399-20.367,45.399-45.4C193.902,187.771,173.535,167.404,148.502,167.404z"
                                fill="#cd7f32"
                              />
                            </g>
                          </svg>
                          Bronze
                           Medals:
                        </label>
                        <input
                          class="form-control"
                          id="bronze"
                          min="0"
                          name="bronze"
                          type="number"
                          value="0"
                        />
                      </div>
                      <div
                        class="d-flex justify-content-around form-group"
                      >
                        <button
                          class="d-inline-block w-25 btn btn-success"
                          type="submit"
                        >
                          Save
                        </button>
                        <button
                          class="d-inline-block w-25 btn btn-warning"
                          data-country="NewCountry"
                          type="button"
                        >
                          Cancel
                        </button>
                      </div>
                    </form>
                  </div>
                </div>
              </div>
            </div>
            <div
              class="modal-backdrop fade"
            />
          </div>
        </div>
      }
    >
      <Portal
        containerInfo={
          <div
            style="position: relative; z-index: 1050;"
            tabindex="-1"
          >
            <div
              class=""
            >
              <div
                class="modal fade"
                role="dialog"
                style="display: block;"
                tabindex="-1"
              >
                <div
                  class="modal-dialog"
                  role="document"
                >
                  <div
                    class="modal-content"
                  >
                    <div
                      class="modal-header"
                    >
                      <h5
                        class="modal-title"
                      >
                        Create new Entry
                      </h5>
                    </div>
                    <div
                      class="modal-body"
                    >
                      <form
                        class=""
                      >
                        <div
                          class="form-group"
                        >
                          <label
                            class=""
                            for="name"
                          >
                            Select Country
                          </label>
                          <select
                            class="form-control"
                            id="name"
                            min="0"
                            name="name"
                          >
                            <option
                              value="USA"
                            >
                              USA
                            </option>
                            <option
                              value="China"
                            >
                              China
                            </option>
                            <option
                              value="Germany"
                            >
                              Germany
                            </option>
                            <option
                              value="France"
                            >
                              France
                            </option>
                            <option
                              value="UK"
                            >
                              UK
                            </option>
                            <option
                              value="Spain"
                            >
                              Spain
                            </option>
                            <option
                              value="Latvia"
                            >
                              Latvia
                            </option>
                            <option
                              value="Italy"
                            >
                              Italy
                            </option>
                            <option
                              value="Croatia"
                            >
                              Croatia
                            </option>
                            <option
                              value="Brazil"
                            >
                              Brazil
                            </option>
                            <option
                              value="Japan"
                            >
                              Japan
                            </option>
                            <option
                              value="Belgium"
                            >
                              Belgium
                            </option>
                            <option
                              value="Lithuania"
                            >
                              Lithuania
                            </option>
                            <option
                              value="Portugal"
                            >
                              Portugal
                            </option>
                            <option
                              value="Greece"
                            >
                              Greece
                            </option>
                            <option
                              value="Russia"
                            >
                              Russia
                            </option>
                            <option
                              value="SouthKorea"
                            >
                              SouthKorea
                            </option>
                            <option
                              value="Hungary"
                            >
                              Hungary
                            </option>
                            <option
                              value="Poland"
                            >
                              Poland
                            </option>
                            <option
                              value="Peru"
                            >
                              Peru
                            </option>
                            <option
                              value="Philippines"
                            >
                              Philippines
                            </option>
                            <option
                              value="Panama"
                            >
                              Panama
                            </option>
                            <option
                              value="Netherlands"
                            >
                              Netherlands
                            </option>
                            <option
                              value="Argentina"
                            >
                              Argentina
                            </option>
                            <option
                              value="Ukraine"
                            >
                              Ukraine
                            </option>
                            <option
                              value="UAE"
                            >
                              UAE
                            </option>
                            <option
                              value="Vatican"
                            >
                              Vatican
                            </option>
                            <option
                              value="Vietnam"
                            >
                              Vietnam
                            </option>
                            <option
                              value="Venezuela"
                            >
                              Venezuela
                            </option>
                            <option
                              value="Uzbekistan"
                            >
                              Uzbekistan
                            </option>
                            <option
                              value="Uruguay"
                            >
                              Uruguay
                            </option>
                          </select>
                        </div>
                        <div
                          class="form-group"
                        >
                          <label
                            class=""
                            for="gold"
                          >
                            <svg
                              class="medal-icon"
                              id="Capa_1"
                              style="enable-background: new 0 0 297.334 297.334;"
                              version="1.1"
                              viewBox="0 0 297.334 297.334"
                              x="0px"
                              xmlns="http://www.w3.org/2000/svg"
                              y="0px"
                            >
                              <g>
                                <polygon
                                  points="172.667,64 206.687,0 90.623,0 124.649,64  "
                                />
                                <path
                                  d="M227.904,8.293c-2.553-4.837-6.726-4.834-9.272,0.006l-55.839,106.095c20.009,2.892,38.11,11.76,52.427,24.735   l36.208-68.682c2.551-4.838,2.549-12.754-0.004-17.591L227.904,8.293z"
                                />
                                <path
                                  d="M134.518,114.35L78.7,8.299c-2.547-4.84-6.72-4.843-9.272-0.006L45.909,52.856c-2.552,4.837-2.554,12.753-0.004,17.591   l36.102,68.48C96.362,125.996,114.491,117.181,134.518,114.35z"
                                />
                                <path
                                  d="M148.502,128.279c-46.685,0-84.529,37.844-84.529,84.528c0,46.682,37.845,84.526,84.529,84.526   c46.682,0,84.526-37.845,84.526-84.526C233.028,166.123,195.184,128.279,148.502,128.279z M148.502,273.125   c-33.262,0-60.32-27.059-60.32-60.317c0-33.261,27.059-60.319,60.32-60.319c33.259,0,60.316,27.059,60.316,60.319   C208.819,246.066,181.761,273.125,148.502,273.125z"
                                  fill="#ffd700"
                                />
                                <path
                                  d="M148.502,167.404c-25.038,0-45.404,20.367-45.404,45.403c0,25.033,20.366,45.4,45.404,45.4   c25.033,0,45.399-20.367,45.399-45.4C193.902,187.771,173.535,167.404,148.502,167.404z"
                                  fill="#ffd700"
                                />
                              </g>
                            </svg>
                            Gold
                             Medals:
                          </label>
                          <input
                            class="form-control"
                            id="gold"
                            min="0"
                            name="gold"
                            type="number"
                            value="0"
                          />
                        </div>
                        <div
                          class="form-group"
                        >
                          <label
                            class=""
                            for="silver"
                          >
                            <svg
                              class="medal-icon"
                              id="Capa_1"
                              style="enable-background: new 0 0 297.334 297.334;"
                              version="1.1"
                              viewBox="0 0 297.334 297.334"
                              x="0px"
                              xmlns="http://www.w3.org/2000/svg"
                              y="0px"
                            >
                              <g>
                                <polygon
                                  points="172.667,64 206.687,0 90.623,0 124.649,64  "
                                />
                                <path
                                  d="M227.904,8.293c-2.553-4.837-6.726-4.834-9.272,0.006l-55.839,106.095c20.009,2.892,38.11,11.76,52.427,24.735   l36.208-68.682c2.551-4.838,2.549-12.754-0.004-17.591L227.904,8.293z"
                                />
                                <path
                                  d="M134.518,114.35L78.7,8.299c-2.547-4.84-6.72-4.843-9.272-0.006L45.909,52.856c-2.552,4.837-2.554,12.753-0.004,17.591   l36.102,68.48C96.362,125.996,114.491,117.181,134.518,114.35z"
                                />
                                <path
                                  d="M148.502,128.279c-46.685,0-84.529,37.844-84.529,84.528c0,46.682,37.845,84.526,84.529,84.526   c46.682,0,84.526-37.845,84.526-84.526C233.028,166.123,195.184,128.279,148.502,128.279z M148.502,273.125   c-33.262,0-60.32-27.059-60.32-60.317c0-33.261,27.059-60.319,60.32-60.319c33.259,0,60.316,27.059,60.316,60.319   C208.819,246.066,181.761,273.125,148.502,273.125z"
                                  fill="#c0c0c0"
                                />
                                <path
                                  d="M148.502,167.404c-25.038,0-45.404,20.367-45.404,45.403c0,25.033,20.366,45.4,45.404,45.4   c25.033,0,45.399-20.367,45.399-45.4C193.902,187.771,173.535,167.404,148.502,167.404z"
                                  fill="#c0c0c0"
                                />
                              </g>
                            </svg>
                            Silver
                             Medals:
                          </label>
                          <input
                            class="form-control"
                            id="silver"
                            min="0"
                            name="silver"
                            type="number"
                            value="0"
                          />
                        </div>
                        <div
                          class="form-group"
                        >
                          <label
                            class=""
                            for="bronze"
                          >
                            <svg
                              class="medal-icon"
                              id="Capa_1"
                              style="enable-background: new 0 0 297.334 297.334;"
                              version="1.1"
                              viewBox="0 0 297.334 297.334"
                              x="0px"
                              xmlns="http://www.w3.org/2000/svg"
                              y="0px"
                            >
                              <g>
                                <polygon
                                  points="172.667,64 206.687,0 90.623,0 124.649,64  "
                                />
                                <path
                                  d="M227.904,8.293c-2.553-4.837-6.726-4.834-9.272,0.006l-55.839,106.095c20.009,2.892,38.11,11.76,52.427,24.735   l36.208-68.682c2.551-4.838,2.549-12.754-0.004-17.591L227.904,8.293z"
                                />
                                <path
                                  d="M134.518,114.35L78.7,8.299c-2.547-4.84-6.72-4.843-9.272-0.006L45.909,52.856c-2.552,4.837-2.554,12.753-0.004,17.591   l36.102,68.48C96.362,125.996,114.491,117.181,134.518,114.35z"
                                />
                                <path
                                  d="M148.502,128.279c-46.685,0-84.529,37.844-84.529,84.528c0,46.682,37.845,84.526,84.529,84.526   c46.682,0,84.526-37.845,84.526-84.526C233.028,166.123,195.184,128.279,148.502,128.279z M148.502,273.125   c-33.262,0-60.32-27.059-60.32-60.317c0-33.261,27.059-60.319,60.32-60.319c33.259,0,60.316,27.059,60.316,60.319   C208.819,246.066,181.761,273.125,148.502,273.125z"
                                  fill="#cd7f32"
                                />
                                <path
                                  d="M148.502,167.404c-25.038,0-45.404,20.367-45.404,45.403c0,25.033,20.366,45.4,45.404,45.4   c25.033,0,45.399-20.367,45.399-45.4C193.902,187.771,173.535,167.404,148.502,167.404z"
                                  fill="#cd7f32"
                                />
                              </g>
                            </svg>
                            Bronze
                             Medals:
                          </label>
                          <input
                            class="form-control"
                            id="bronze"
                            min="0"
                            name="bronze"
                            type="number"
                            value="0"
                          />
                        </div>
                        <div
                          class="d-flex justify-content-around form-group"
                        >
                          <button
                            class="d-inline-block w-25 btn btn-success"
                            type="submit"
                          >
                            Save
                          </button>
                          <button
                            class="d-inline-block w-25 btn btn-warning"
                            data-country="NewCountry"
                            type="button"
                          >
                            Cancel
                          </button>
                        </div>
                      </form>
                    </div>
                  </div>
                </div>
              </div>
              <div
                class="modal-backdrop fade"
              />
            </div>
          </div>
        }
      >
        <div
          className=""
        >
          <Fade
            appear={true}
            baseClass="fade"
            baseClassActive="show"
            className="modal"
            enter={true}
            exit={true}
            in={true}
            mountOnEnter={false}
            onClick={[Function]}
            onEnter={[Function]}
            onEntered={[Function]}
            onEntering={[Function]}
            onExit={[Function]}
            onExited={[Function]}
            onExiting={[Function]}
            onKeyDown={[Function]}
            onKeyUp={[Function]}
            onMouseDown={[Function]}
            role="dialog"
            style={
              Object {
                "display": "block",
              }
            }
            tabIndex="-1"
            tag="div"
            timeout={300}
            unmountOnExit={false}
          >
            <Transition
              appear={true}
              enter={true}
              exit={true}
              in={true}
              mountOnEnter={false}
              onEnter={[Function]}
              onEntered={[Function]}
              onEntering={[Function]}
              onExit={[Function]}
              onExited={[Function]}
              onExiting={[Function]}
              timeout={300}
              unmountOnExit={false}
            >
              <div
                className="modal fade"
                onClick={[Function]}
                onKeyDown={[Function]}
                onKeyUp={[Function]}
                onMouseDown={[Function]}
                role="dialog"
                style={
                  Object {
                    "display": "block",
                  }
                }
                tabIndex="-1"
              >
                <div
                  className="modal-dialog"
                  role="document"
                >
                  <div
                    className="modal-content"
                  >
                    <ModalHeader
                      charCode={215}
                      closeAriaLabel="Close"
                      tag="h5"
                      wrapTag="div"
                    >
                      <div
                        className="modal-header"
                      >
                        <h5
                          className="modal-title"
                        >
                          Create new Entry
                        </h5>
                      </div>
                    </ModalHeader>
                    <ModalBody
                      tag="div"
                    >
                      <div
                        className="modal-body"
                      >
                        <Form
                          onSubmit={[MockFunction]}
                          tag="form"
                        >
                          <form
                            className=""
                            onSubmit={[MockFunction]}
                          >
                            <FormGroup
                              tag="div"
                            >
                              <div
                                className="form-group"
                              >
                                <Label
                                  for="name"
                                  tag="label"
                                  widths={
                                    Array [
                                      "xs",
                                      "sm",
                                      "md",
                                      "lg",
                                      "xl",
                                    ]
                                  }
                                >
                                  <label
                                    className=""
                                    htmlFor="name"
                                  >
                                    Select Country
                                  </label>
                                </Label>
                                <Input
                                  id="name"
                                  min="0"
                                  name="name"
                                  type="select"
                                >
                                  <select
                                    className="form-control"
                                    id="name"
                                    min="0"
                                    name="name"
                                  >
                                    <option
                                      key="USA"
                                      value="USA"
                                    >
                                      USA
                                    </option>
                                    <option
                                      key="China"
                                      value="China"
                                    >
                                      China
                                    </option>
                                    <option
                                      key="Germany"
                                      value="Germany"
                                    >
                                      Germany
                                    </option>
                                    <option
                                      key="France"
                                      value="France"
                                    >
                                      France
                                    </option>
                                    <option
                                      key="UK"
                                      value="UK"
                                    >
                                      UK
                                    </option>
                                    <option
                                      key="Spain"
                                      value="Spain"
                                    >
                                      Spain
                                    </option>
                                    <option
                                      key="Latvia"
                                      value="Latvia"
                                    >
                                      Latvia
                                    </option>
                                    <option
                                      key="Italy"
                                      value="Italy"
                                    >
                                      Italy
                                    </option>
                                    <option
                                      key="Croatia"
                                      value="Croatia"
                                    >
                                      Croatia
                                    </option>
                                    <option
                                      key="Brazil"
                                      value="Brazil"
                                    >
                                      Brazil
                                    </option>
                                    <option
                                      key="Japan"
                                      value="Japan"
                                    >
                                      Japan
                                    </option>
                                    <option
                                      key="Belgium"
                                      value="Belgium"
                                    >
                                      Belgium
                                    </option>
                                    <option
                                      key="Lithuania"
                                      value="Lithuania"
                                    >
                                      Lithuania
                                    </option>
                                    <option
                                      key="Portugal"
                                      value="Portugal"
                                    >
                                      Portugal
                                    </option>
                                    <option
                                      key="Greece"
                                      value="Greece"
                                    >
                                      Greece
                                    </option>
                                    <option
                                      key="Russia"
                                      value="Russia"
                                    >
                                      Russia
                                    </option>
                                    <option
                                      key="SouthKorea"
                                      value="SouthKorea"
                                    >
                                      SouthKorea
                                    </option>
                                    <option
                                      key="Hungary"
                                      value="Hungary"
                                    >
                                      Hungary
                                    </option>
                                    <option
                                      key="Poland"
                                      value="Poland"
                                    >
                                      Poland
                                    </option>
                                    <option
                                      key="Peru"
                                      value="Peru"
                                    >
                                      Peru
                                    </option>
                                    <option
                                      key="Philippines"
                                      value="Philippines"
                                    >
                                      Philippines
                                    </option>
                                    <option
                                      key="Panama"
                                      value="Panama"
                                    >
                                      Panama
                                    </option>
                                    <option
                                      key="Netherlands"
                                      value="Netherlands"
                                    >
                                      Netherlands
                                    </option>
                                    <option
                                      key="Argentina"
                                      value="Argentina"
                                    >
                                      Argentina
                                    </option>
                                    <option
                                      key="Ukraine"
                                      value="Ukraine"
                                    >
                                      Ukraine
                                    </option>
                                    <option
                                      key="UAE"
                                      value="UAE"
                                    >
                                      UAE
                                    </option>
                                    <option
                                      key="Vatican"
                                      value="Vatican"
                                    >
                                      Vatican
                                    </option>
                                    <option
                                      key="Vietnam"
                                      value="Vietnam"
                                    >
                                      Vietnam
                                    </option>
                                    <option
                                      key="Venezuela"
                                      value="Venezuela"
                                    >
                                      Venezuela
                                    </option>
                                    <option
                                      key="Uzbekistan"
                                      value="Uzbekistan"
                                    >
                                      Uzbekistan
                                    </option>
                                    <option
                                      key="Uruguay"
                                      value="Uruguay"
                                    >
                                      Uruguay
                                    </option>
                                  </select>
                                </Input>
                              </div>
                            </FormGroup>
                            <FormGroup
                              key="gold"
                              tag="div"
                            >
                              <div
                                className="form-group"
                              >
                                <Label
                                  for="gold"
                                  tag="label"
                                  widths={
                                    Array [
                                      "xs",
                                      "sm",
                                      "md",
                                      "lg",
                                      "xl",
                                    ]
                                  }
                                >
                                  <label
                                    className=""
                                    htmlFor="gold"
                                  >
                                    <Medal
                                      color="gold"
                                    >
                                      <svg
                                        className="medal-icon"
                                        id="Capa_1"
                                        style={
                                          Object {
                                            "enableBackground": "new 0 0 297.334 297.334",
                                          }
                                        }
                                        version="1.1"
                                        viewBox="0 0 297.334 297.334"
                                        x="0px"
                                        xmlns="http://www.w3.org/2000/svg"
                                        y="0px"
                                      >
                                        <g>
                                          <polygon
                                            points="172.667,64 206.687,0 90.623,0 124.649,64  "
                                          />
                                          <path
                                            d="M227.904,8.293c-2.553-4.837-6.726-4.834-9.272,0.006l-55.839,106.095c20.009,2.892,38.11,11.76,52.427,24.735   l36.208-68.682c2.551-4.838,2.549-12.754-0.004-17.591L227.904,8.293z"
                                          />
                                          <path
                                            d="M134.518,114.35L78.7,8.299c-2.547-4.84-6.72-4.843-9.272-0.006L45.909,52.856c-2.552,4.837-2.554,12.753-0.004,17.591   l36.102,68.48C96.362,125.996,114.491,117.181,134.518,114.35z"
                                          />
                                          <path
                                            d="M148.502,128.279c-46.685,0-84.529,37.844-84.529,84.528c0,46.682,37.845,84.526,84.529,84.526   c46.682,0,84.526-37.845,84.526-84.526C233.028,166.123,195.184,128.279,148.502,128.279z M148.502,273.125   c-33.262,0-60.32-27.059-60.32-60.317c0-33.261,27.059-60.319,60.32-60.319c33.259,0,60.316,27.059,60.316,60.319   C208.819,246.066,181.761,273.125,148.502,273.125z"
                                            fill="#ffd700"
                                          />
                                          <path
                                            d="M148.502,167.404c-25.038,0-45.404,20.367-45.404,45.403c0,25.033,20.366,45.4,45.404,45.4   c25.033,0,45.399-20.367,45.399-45.4C193.902,187.771,173.535,167.404,148.502,167.404z"
                                            fill="#ffd700"
                                          />
                                        </g>
                                      </svg>
                                    </Medal>
                                    Gold
                                     Medals:
                                  </label>
                                </Label>
                                <Input
                                  defaultValue={0}
                                  id="gold"
                                  min="0"
                                  name="gold"
                                  type="number"
                                >
                                  <input
                                    className="form-control"
                                    defaultValue={0}
                                    id="gold"
                                    min="0"
                                    name="gold"
                                    type="number"
                                  />
                                </Input>
                              </div>
                            </FormGroup>
                            <FormGroup
                              key="silver"
                              tag="div"
                            >
                              <div
                                className="form-group"
                              >
                                <Label
                                  for="silver"
                                  tag="label"
                                  widths={
                                    Array [
                                      "xs",
                                      "sm",
                                      "md",
                                      "lg",
                                      "xl",
                                    ]
                                  }
                                >
                                  <label
                                    className=""
                                    htmlFor="silver"
                                  >
                                    <Medal
                                      color="silver"
                                    >
                                      <svg
                                        className="medal-icon"
                                        id="Capa_1"
                                        style={
                                          Object {
                                            "enableBackground": "new 0 0 297.334 297.334",
                                          }
                                        }
                                        version="1.1"
                                        viewBox="0 0 297.334 297.334"
                                        x="0px"
                                        xmlns="http://www.w3.org/2000/svg"
                                        y="0px"
                                      >
                                        <g>
                                          <polygon
                                            points="172.667,64 206.687,0 90.623,0 124.649,64  "
                                          />
                                          <path
                                            d="M227.904,8.293c-2.553-4.837-6.726-4.834-9.272,0.006l-55.839,106.095c20.009,2.892,38.11,11.76,52.427,24.735   l36.208-68.682c2.551-4.838,2.549-12.754-0.004-17.591L227.904,8.293z"
                                          />
                                          <path
                                            d="M134.518,114.35L78.7,8.299c-2.547-4.84-6.72-4.843-9.272-0.006L45.909,52.856c-2.552,4.837-2.554,12.753-0.004,17.591   l36.102,68.48C96.362,125.996,114.491,117.181,134.518,114.35z"
                                          />
                                          <path
                                            d="M148.502,128.279c-46.685,0-84.529,37.844-84.529,84.528c0,46.682,37.845,84.526,84.529,84.526   c46.682,0,84.526-37.845,84.526-84.526C233.028,166.123,195.184,128.279,148.502,128.279z M148.502,273.125   c-33.262,0-60.32-27.059-60.32-60.317c0-33.261,27.059-60.319,60.32-60.319c33.259,0,60.316,27.059,60.316,60.319   C208.819,246.066,181.761,273.125,148.502,273.125z"
                                            fill="#c0c0c0"
                                          />
                                          <path
                                            d="M148.502,167.404c-25.038,0-45.404,20.367-45.404,45.403c0,25.033,20.366,45.4,45.404,45.4   c25.033,0,45.399-20.367,45.399-45.4C193.902,187.771,173.535,167.404,148.502,167.404z"
                                            fill="#c0c0c0"
                                          />
                                        </g>
                                      </svg>
                                    </Medal>
                                    Silver
                                     Medals:
                                  </label>
                                </Label>
                                <Input
                                  defaultValue={0}
                                  id="silver"
                                  min="0"
                                  name="silver"
                                  type="number"
                                >
                                  <input
                                    className="form-control"
                                    defaultValue={0}
                                    id="silver"
                                    min="0"
                                    name="silver"
                                    type="number"
                                  />
                                </Input>
                              </div>
                            </FormGroup>
                            <FormGroup
                              key="bronze"
                              tag="div"
                            >
                              <div
                                className="form-group"
                              >
                                <Label
                                  for="bronze"
                                  tag="label"
                                  widths={
                                    Array [
                                      "xs",
                                      "sm",
                                      "md",
                                      "lg",
                                      "xl",
                                    ]
                                  }
                                >
                                  <label
                                    className=""
                                    htmlFor="bronze"
                                  >
                                    <Medal
                                      color="bronze"
                                    >
                                      <svg
                                        className="medal-icon"
                                        id="Capa_1"
                                        style={
                                          Object {
                                            "enableBackground": "new 0 0 297.334 297.334",
                                          }
                                        }
                                        version="1.1"
                                        viewBox="0 0 297.334 297.334"
                                        x="0px"
                                        xmlns="http://www.w3.org/2000/svg"
                                        y="0px"
                                      >
                                        <g>
                                          <polygon
                                            points="172.667,64 206.687,0 90.623,0 124.649,64  "
                                          />
                                          <path
                                            d="M227.904,8.293c-2.553-4.837-6.726-4.834-9.272,0.006l-55.839,106.095c20.009,2.892,38.11,11.76,52.427,24.735   l36.208-68.682c2.551-4.838,2.549-12.754-0.004-17.591L227.904,8.293z"
                                          />
                                          <path
                                            d="M134.518,114.35L78.7,8.299c-2.547-4.84-6.72-4.843-9.272-0.006L45.909,52.856c-2.552,4.837-2.554,12.753-0.004,17.591   l36.102,68.48C96.362,125.996,114.491,117.181,134.518,114.35z"
                                          />
                                          <path
                                            d="M148.502,128.279c-46.685,0-84.529,37.844-84.529,84.528c0,46.682,37.845,84.526,84.529,84.526   c46.682,0,84.526-37.845,84.526-84.526C233.028,166.123,195.184,128.279,148.502,128.279z M148.502,273.125   c-33.262,0-60.32-27.059-60.32-60.317c0-33.261,27.059-60.319,60.32-60.319c33.259,0,60.316,27.059,60.316,60.319   C208.819,246.066,181.761,273.125,148.502,273.125z"
                                            fill="#cd7f32"
                                          />
                                          <path
                                            d="M148.502,167.404c-25.038,0-45.404,20.367-45.404,45.403c0,25.033,20.366,45.4,45.404,45.4   c25.033,0,45.399-20.367,45.399-45.4C193.902,187.771,173.535,167.404,148.502,167.404z"
                                            fill="#cd7f32"
                                          />
                                        </g>
                                      </svg>
                                    </Medal>
                                    Bronze
                                     Medals:
                                  </label>
                                </Label>
                                <Input
                                  defaultValue={0}
                                  id="bronze"
                                  min="0"
                                  name="bronze"
                                  type="number"
                                >
                                  <input
                                    className="form-control"
                                    defaultValue={0}
                                    id="bronze"
                                    min="0"
                                    name="bronze"
                                    type="number"
                                  />
                                </Input>
                              </div>
                            </FormGroup>
                            <FormGroup
                              className="d-flex justify-content-around"
                              tag="div"
                            >
                              <div
                                className="d-flex justify-content-around form-group"
                              >
                                <Button
                                  className="d-inline-block w-25"
                                  color="success"
                                  tag="button"
                                  type="submit"
                                >
                                  <button
                                    aria-label={null}
                                    className="d-inline-block w-25 btn btn-success"
                                    onClick={[Function]}
                                    type="submit"
                                  >
                                    Save
                                  </button>
                                </Button>
                                <Button
                                  className="d-inline-block w-25"
                                  color="warning"
                                  data-country="NewCountry"
                                  onClick={[MockFunction]}
                                  tag="button"
                                >
                                  <button
                                    aria-label={null}
                                    className="d-inline-block w-25 btn btn-warning"
                                    data-country="NewCountry"
                                    onClick={[Function]}
                                    type="button"
                                  >
                                    Cancel
                                  </button>
                                </Button>
                              </div>
                            </FormGroup>
                          </form>
                        </Form>
                      </div>
                    </ModalBody>
                  </div>
                </div>
              </div>
            </Transition>
          </Fade>
          <Fade
            appear={true}
            baseClass="fade"
            baseClassActive="show"
            className="modal-backdrop"
            enter={true}
            exit={true}
            in={true}
            mountOnEnter={true}
            onEnter={[Function]}
            onEntered={[Function]}
            onEntering={[Function]}
            onExit={[Function]}
            onExited={[Function]}
            onExiting={[Function]}
            tag="div"
            timeout={150}
            unmountOnExit={false}
          >
            <Transition
              appear={true}
              enter={true}
              exit={true}
              in={true}
              mountOnEnter={true}
              onEnter={[Function]}
              onEntered={[Function]}
              onEntering={[Function]}
              onExit={[Function]}
              onExited={[Function]}
              onExiting={[Function]}
              timeout={150}
              unmountOnExit={false}
            >
              <div
                className="modal-backdrop fade"
              />
            </Transition>
          </Fade>
        </div>
      </Portal>
    </Portal>
  </Modal>
</MedalsModal>
`;
