// Jest Snapshot v1, https://goo.gl/fbAQLP

exports[`SortButtons should have a consistent structure 1`] = `
<SortButtons
  color="bronze"
  onClick={[MockFunction]}
  sortCriteria="silver-desc"
>
  <div
    className="sort-buttons d-flex flex-column"
  >
    <Button
      color="primary"
      data-sort-direction="bronze-desc"
      onClick={[MockFunction]}
      tag="button"
    >
      <button
        aria-label={null}
        className="btn btn-primary"
        data-sort-direction="bronze-desc"
        onClick={[Function]}
        type="button"
      >
        <img
          alt="edit row"
          src="arrow.svg"
        />
      </button>
    </Button>
    <Button
      className="reversed"
      color="primary"
      data-sort-direction="bronze-asc"
      onClick={[MockFunction]}
      tag="button"
    >
      <button
        aria-label={null}
        className="reversed btn btn-primary"
        data-sort-direction="bronze-asc"
        onClick={[Function]}
        type="button"
      >
        <img
          alt="edit row"
          src="arrow.svg"
        />
      </button>
    </Button>
  </div>
</SortButtons>
`;
